Archive member included to satisfy reference by file (symbol)

/home/ivan/Ac6/SystemWorkbench/plugins/fr.ac6.mcu.externaltools.arm-none.linux64_1.15.0.201708311556/tools/compiler/bin/../lib/gcc/arm-none-eabi/6.3.1/thumb/v7e-m/fpv4-sp/hard/libgcc.a(_arm_addsubdf3.o)
                              src/main.o (__aeabi_dadd)
/home/ivan/Ac6/SystemWorkbench/plugins/fr.ac6.mcu.externaltools.arm-none.linux64_1.15.0.201708311556/tools/compiler/bin/../lib/gcc/arm-none-eabi/6.3.1/thumb/v7e-m/fpv4-sp/hard/libgcc.a(_arm_muldivdf3.o)
                              src/main.o (__aeabi_dmul)
/home/ivan/Ac6/SystemWorkbench/plugins/fr.ac6.mcu.externaltools.arm-none.linux64_1.15.0.201708311556/tools/compiler/bin/../lib/gcc/arm-none-eabi/6.3.1/../../../../arm-none-eabi/lib/thumb/v7e-m/fpv4-sp/hard/libc.a(lib_a-errno.o)
                              src/syscalls.o (__errno)
/home/ivan/Ac6/SystemWorkbench/plugins/fr.ac6.mcu.externaltools.arm-none.linux64_1.15.0.201708311556/tools/compiler/bin/../lib/gcc/arm-none-eabi/6.3.1/../../../../arm-none-eabi/lib/thumb/v7e-m/fpv4-sp/hard/libc.a(lib_a-exit.o)
                              /home/ivan/Ac6/SystemWorkbench/plugins/fr.ac6.mcu.externaltools.arm-none.linux64_1.15.0.201708311556/tools/compiler/bin/../lib/gcc/arm-none-eabi/6.3.1/../../../../arm-none-eabi/lib/thumb/v7e-m/fpv4-sp/hard/crt0.o (exit)
/home/ivan/Ac6/SystemWorkbench/plugins/fr.ac6.mcu.externaltools.arm-none.linux64_1.15.0.201708311556/tools/compiler/bin/../lib/gcc/arm-none-eabi/6.3.1/../../../../arm-none-eabi/lib/thumb/v7e-m/fpv4-sp/hard/libc.a(lib_a-impure.o)
                              /home/ivan/Ac6/SystemWorkbench/plugins/fr.ac6.mcu.externaltools.arm-none.linux64_1.15.0.201708311556/tools/compiler/bin/../lib/gcc/arm-none-eabi/6.3.1/../../../../arm-none-eabi/lib/thumb/v7e-m/fpv4-sp/hard/libc.a(lib_a-exit.o) (_global_impure_ptr)
/home/ivan/Ac6/SystemWorkbench/plugins/fr.ac6.mcu.externaltools.arm-none.linux64_1.15.0.201708311556/tools/compiler/bin/../lib/gcc/arm-none-eabi/6.3.1/../../../../arm-none-eabi/lib/thumb/v7e-m/fpv4-sp/hard/libc.a(lib_a-init.o)
                              /home/ivan/Ac6/SystemWorkbench/plugins/fr.ac6.mcu.externaltools.arm-none.linux64_1.15.0.201708311556/tools/compiler/bin/../lib/gcc/arm-none-eabi/6.3.1/../../../../arm-none-eabi/lib/thumb/v7e-m/fpv4-sp/hard/crt0.o (__libc_init_array)
/home/ivan/Ac6/SystemWorkbench/plugins/fr.ac6.mcu.externaltools.arm-none.linux64_1.15.0.201708311556/tools/compiler/bin/../lib/gcc/arm-none-eabi/6.3.1/../../../../arm-none-eabi/lib/thumb/v7e-m/fpv4-sp/hard/libc.a(lib_a-memcpy.o)
                              src/main.o (memcpy)
/home/ivan/Ac6/SystemWorkbench/plugins/fr.ac6.mcu.externaltools.arm-none.linux64_1.15.0.201708311556/tools/compiler/bin/../lib/gcc/arm-none-eabi/6.3.1/../../../../arm-none-eabi/lib/thumb/v7e-m/fpv4-sp/hard/libc.a(lib_a-memset.o)
                              /home/ivan/Ac6/SystemWorkbench/plugins/fr.ac6.mcu.externaltools.arm-none.linux64_1.15.0.201708311556/tools/compiler/bin/../lib/gcc/arm-none-eabi/6.3.1/../../../../arm-none-eabi/lib/thumb/v7e-m/fpv4-sp/hard/crt0.o (memset)
/home/ivan/Ac6/SystemWorkbench/plugins/fr.ac6.mcu.externaltools.arm-none.linux64_1.15.0.201708311556/tools/compiler/bin/../lib/gcc/arm-none-eabi/6.3.1/../../../../arm-none-eabi/lib/thumb/v7e-m/fpv4-sp/hard/libc.a(lib_a-sprintf.o)
                              src/main.o (sprintf)
/home/ivan/Ac6/SystemWorkbench/plugins/fr.ac6.mcu.externaltools.arm-none.linux64_1.15.0.201708311556/tools/compiler/bin/../lib/gcc/arm-none-eabi/6.3.1/../../../../arm-none-eabi/lib/thumb/v7e-m/fpv4-sp/hard/libc.a(lib_a-strlen.o)
                              src/main.o (strlen)
/home/ivan/Ac6/SystemWorkbench/plugins/fr.ac6.mcu.externaltools.arm-none.linux64_1.15.0.201708311556/tools/compiler/bin/../lib/gcc/arm-none-eabi/6.3.1/../../../../arm-none-eabi/lib/thumb/v7e-m/fpv4-sp/hard/libc.a(lib_a-svfprintf.o)
                              /home/ivan/Ac6/SystemWorkbench/plugins/fr.ac6.mcu.externaltools.arm-none.linux64_1.15.0.201708311556/tools/compiler/bin/../lib/gcc/arm-none-eabi/6.3.1/../../../../arm-none-eabi/lib/thumb/v7e-m/fpv4-sp/hard/libc.a(lib_a-sprintf.o) (_svfprintf_r)
/home/ivan/Ac6/SystemWorkbench/plugins/fr.ac6.mcu.externaltools.arm-none.linux64_1.15.0.201708311556/tools/compiler/bin/../lib/gcc/arm-none-eabi/6.3.1/../../../../arm-none-eabi/lib/thumb/v7e-m/fpv4-sp/hard/libc.a(lib_a-__call_atexit.o)
                              /home/ivan/Ac6/SystemWorkbench/plugins/fr.ac6.mcu.externaltools.arm-none.linux64_1.15.0.201708311556/tools/compiler/bin/../lib/gcc/arm-none-eabi/6.3.1/../../../../arm-none-eabi/lib/thumb/v7e-m/fpv4-sp/hard/libc.a(lib_a-exit.o) (__call_exitprocs)
/home/ivan/Ac6/SystemWorkbench/plugins/fr.ac6.mcu.externaltools.arm-none.linux64_1.15.0.201708311556/tools/compiler/bin/../lib/gcc/arm-none-eabi/6.3.1/../../../../arm-none-eabi/lib/thumb/v7e-m/fpv4-sp/hard/libc.a(lib_a-atexit.o)
[...]
Memory Configuration

Name             Origin             Length             Attributes
FLASH            0x0000000008000000 0x0000000000040000 xr
RAM              0x0000000020000000 0x0000000000010000 xrw
MEMORY_B1        0x0000000060000000 0x0000000000000000 xr
CCMRAM           0x0000000010000000 0x0000000000000000 rw
*default*        0x0000000000000000 0xffffffffffffffff

Linker script and memory map

LOAD /home/ivan/Ac6/SystemWorkbench/plugins/fr.ac6.mcu.externaltools.arm-none.linux64_1.15.0.201708311556/tools/compiler/bin/../lib/gcc/arm-none-eabi/6.3.1/thumb/v7e-m/fpv4-sp/hard/crti.o
LOAD /home/ivan/Ac6/SystemWorkbench/plugins/fr.ac6.mcu.externaltools.arm-none.linux64_1.15.0.201708311556/tools/compiler/bin/../lib/gcc/arm-none-eabi/6.3.1/thumb/v7e-m/fpv4-sp/hard/crtbegin.o
LOAD /home/ivan/Ac6/SystemWorkbench/plugins/fr.ac6.mcu.externaltools.arm-none.linux64_1.15.0.201708311556/tools/compiler/bin/../lib/gcc/arm-none-eabi/6.3.1/../../../../arm-none-eabi/lib/thumb/v7e-m/fpv4-sp/hard/crt0.o
LOAD StdPeriph_Driver/src/misc.o
LOAD StdPeriph_Driver/src/stm32f4xx_adc.o
LOAD StdPeriph_Driver/src/stm32f4xx_can.o
LOAD StdPeriph_Driver/src/stm32f4xx_crc.o
LOAD StdPeriph_Driver/src/stm32f4xx_cryp.o
LOAD StdPeriph_Driver/src/stm32f4xx_cryp_aes.o
LOAD StdPeriph_Driver/src/stm32f4xx_cryp_des.o
LOAD StdPeriph_Driver/src/stm32f4xx_cryp_tdes.o
LOAD StdPeriph_Driver/src/stm32f4xx_dac.o
LOAD StdPeriph_Driver/src/stm32f4xx_dbgmcu.o
LOAD StdPeriph_Driver/src/stm32f4xx_dcmi.o
LOAD StdPeriph_Driver/src/stm32f4xx_dma.o
LOAD StdPeriph_Driver/src/stm32f4xx_dma2d.o
LOAD StdPeriph_Driver/src/stm32f4xx_exti.o
LOAD StdPeriph_Driver/src/stm32f4xx_flash.o
LOAD StdPeriph_Driver/src/stm32f4xx_gpio.o
LOAD StdPeriph_Driver/src/stm32f4xx_hash.o
LOAD StdPeriph_Driver/src/stm32f4xx_hash_md5.o
LOAD StdPeriph_Driver/src/stm32f4xx_hash_sha1.o
LOAD StdPeriph_Driver/src/stm32f4xx_i2c.o
LOAD StdPeriph_Driver/src/stm32f4xx_iwdg.o
LOAD StdPeriph_Driver/src/stm32f4xx_ltdc.o
LOAD StdPeriph_Driver/src/stm32f4xx_pwr.o
LOAD StdPeriph_Driver/src/stm32f4xx_rcc.o
LOAD StdPeriph_Driver/src/stm32f4xx_rng.o
LOAD StdPeriph_Driver/src/stm32f4xx_rtc.o
LOAD StdPeriph_Driver/src/stm32f4xx_sai.o
LOAD StdPeriph_Driver/src/stm32f4xx_sdio.o
LOAD StdPeriph_Driver/src/stm32f4xx_spi.o
LOAD StdPeriph_Driver/src/stm32f4xx_syscfg.o
LOAD StdPeriph_Driver/src/stm32f4xx_tim.o
LOAD StdPeriph_Driver/src/stm32f4xx_usart.o
LOAD StdPeriph_Driver/src/stm32f4xx_wwdg.o
LOAD Utilities/STM32F401-Discovery/stm32f401_discovery.o
LOAD Utilities/STM32F401-Discovery/stm32f401_discovery_l3gd20.o
LOAD Utilities/STM32F401-Discovery/stm32f401_discovery_lsm303dlhc.o
LOAD src/main.o
LOAD src/syscalls.o
LOAD src/system_stm32f4xx.o
LOAD src/tm_stm32f4_gpio.o
LOAD src/tm_stm32f4_i2c.o
LOAD startup/startup_stm32f401xx.o
LOAD /home/ivan/Ac6/SystemWorkbench/plugins/fr.ac6.mcu.externaltools.arm-none.linux64_1.15.0.201708311556/tools/compiler/bin/../lib/gcc/arm-none-eabi/6.3.1/../../../../arm-none-eabi/lib/thumb/v7e-m/fpv4-sp/hard/libstdc++.a
LOAD /home/ivan/Ac6/SystemWorkbench/plugins/fr.ac6.mcu.externaltools.arm-none.linux64_1.15.0.201708311556/tools/compiler/bin/../lib/gcc/arm-none-eabi/6.3.1/../../../../arm-none-eabi/lib/thumb/v7e-m/fpv4-sp/hard/libm.a
START GROUP
LOAD /home/ivan/Ac6/SystemWorkbench/plugins/fr.ac6.mcu.externaltools.arm-none.linux64_1.15.0.201708311556/tools/compiler/bin/../lib/gcc/arm-none-eabi/6.3.1/thumb/v7e-m/fpv4-sp/hard/libgcc.a
LOAD /home/ivan/Ac6/SystemWorkbench/plugins/fr.ac6.mcu.externaltools.arm-none.linux64_1.15.0.201708311556/tools/compiler/bin/../lib/gcc/arm-none-eabi/6.3.1/../../../../arm-none-eabi/lib/thumb/v7e-m/fpv4-sp/hard/libc.a
END GROUP
LOAD /home/ivan/Ac6/SystemWorkbench/plugins/fr.ac6.mcu.externaltools.arm-none.linux64_1.15.0.201708311556/tools/compiler/bin/../lib/gcc/arm-none-eabi/6.3.1/thumb/v7e-m/fpv4-sp/hard/crtend.o
LOAD /home/ivan/Ac6/SystemWorkbench/plugins/fr.ac6.mcu.externaltools.arm-none.linux64_1.15.0.201708311556/tools/compiler/bin/../lib/gcc/arm-none-eabi/6.3.1/thumb/v7e-m/fpv4-sp/hard/crtn.o
                0x0000000020010000                _estack = 0x20010000
                0x0000000000000000                _Min_Heap_Size = 0x0
                0x0000000000000400                _Min_Stack_Size = 0x400

.isr_vector     0x0000000008000000      0x188
                0x0000000008000000                . = ALIGN (0x4)
 *(.isr_vector)
 .isr_vector    0x0000000008000000      0x188 startup/startup_stm32f401xx.o
                0x0000000008000000                g_pfnVectors
                0x0000000008000188                . = ALIGN (0x4)

.text           0x00000000080001c0     0x2e58
                0x00000000080001c0                . = ALIGN (0x4)
 *(.text)
 .text          0x00000000080001c0       0x6c /home/ivan/Ac6/SystemWorkbench/plugins/fr.ac6.mcu.externaltools.arm-none.linux64_1.15.0.201708311556/tools/compiler/bin/../lib/gcc/arm-none-eabi/6.3.1/thumb/v7e-m/fpv4-sp/hard/crtbegin.o
 .text          0x000000000800022c      0x134 /home/ivan/Ac6/SystemWorkbench/plugins/fr.ac6.mcu.externaltools.arm-none.linux64_1.15.0.201708311556/tools/compiler/bin/../lib/gcc/arm-none-eabi/6.3.1/../../../../arm-none-eabi/lib/thumb/v7e-m/fpv4-sp/hard/libc.a(lib_a-memcpy.o)
                0x000000000800022c                memcpy
 *fill*         0x0000000008000360       0x20 
 .text          0x0000000008000380       0xdc /home/ivan/Ac6/SystemWorkbench/plugins/fr.ac6.mcu.externaltools.arm-none.linux64_1.15.0.201708311556/tools/compiler/bin/../lib/gcc/arm-none-eabi/6.3.1/../../../../arm-none-eabi/lib/thumb/v7e-m/fpv4-sp/hard/libc.a(lib_a-strlen.o)
                0x0000000008000380                strlen
 *(.text*)
 .text.NVIC_Init
                0x000000000800045c       0xc4 StdPeriph_Driver/src/misc.o
                0x000000000800045c                NVIC_Init
 .text.NVIC_SystemLPConfig
                0x0000000008000520       0x44 StdPeriph_Driver/src/misc.o
                0x0000000008000520                NVIC_SystemLPConfig
 .text.DMA_DeInit
                0x0000000008000564      0x1a8 StdPeriph_Driver/src/stm32f4xx_dma.o
                0x0000000008000564                DMA_DeInit
 .text.DMA_Init
                0x000000000800070c       0xb0 StdPeriph_Driver/src/stm32f4xx_dma.o
                0x000000000800070c                DMA_Init
 .text.DMA_Cmd  0x00000000080007bc       0x38 StdPeriph_Driver/src/stm32f4xx_dma.o
                0x00000000080007bc                DMA_Cmd
 .text.DMA_GetFlagStatus
                0x00000000080007f4       0x78 StdPeriph_Driver/src/stm32f4xx_dma.o
                0x00000000080007f4                DMA_GetFlagStatus
 .text.DMA_ClearFlag
                0x000000000800086c       0x5c StdPeriph_Driver/src/stm32f4xx_dma.o
                0x000000000800086c                DMA_ClearFlag
 .text.DMA_ITConfig
                0x00000000080008c8       0x74 StdPeriph_Driver/src/stm32f4xx_dma.o
                0x00000000080008c8                DMA_ITConfig
 .text.DMA_GetITStatus
                0x000000000800093c       0xb0 StdPeriph_Driver/src/stm32f4xx_dma.o
                0x000000000800093c                DMA_GetITStatus
 .text.DMA_ClearITPendingBit
                0x00000000080009ec       0x5c StdPeriph_Driver/src/stm32f4xx_dma.o
                0x00000000080009ec                DMA_ClearITPendingBit
 .text.EXTI_Init
                0x0000000008000a48       0xe4 StdPeriph_Driver/src/stm32f4xx_exti.o
                0x0000000008000a48                EXTI_Init
 .text.EXTI_GetITStatus
                0x0000000008000b2c       0x34 StdPeriph_Driver/src/stm32f4xx_exti.o
                0x0000000008000b2c                EXTI_GetITStatus
 .text.EXTI_ClearITPendingBit
                0x0000000008000b60       0x20 StdPeriph_Driver/src/stm32f4xx_exti.o
                0x0000000008000b60                EXTI_ClearITPendingBit
 .text.GPIO_Init
                0x0000000008000b80      0x11c StdPeriph_Driver/src/stm32f4xx_gpio.o
                0x0000000008000b80                GPIO_Init
 .text.GPIO_SetBits
                0x0000000008000c9c       0x1e StdPeriph_Driver/src/stm32f4xx_gpio.o
                0x0000000008000c9c                GPIO_SetBits
 .text.GPIO_ToggleBits
                0x0000000008000cba       0x24 StdPeriph_Driver/src/stm32f4xx_gpio.o
                0x0000000008000cba                GPIO_ToggleBits
 .text.GPIO_PinAFConfig
                0x0000000008000cde       0x92 StdPeriph_Driver/src/stm32f4xx_gpio.o
                0x0000000008000cde                GPIO_PinAFConfig
 .text.I2C_Init
                0x0000000008000d70      0x184 StdPeriph_Driver/src/stm32f4xx_i2c.o
                0x0000000008000d70                I2C_Init
 .text.I2C_Cmd  0x0000000008000ef4       0x40 StdPeriph_Driver/src/stm32f4xx_i2c.o
                0x0000000008000ef4                I2C_Cmd
 .text.I2C_AnalogFilterCmd
                0x0000000008000f34       0x40 StdPeriph_Driver/src/stm32f4xx_i2c.o
                0x0000000008000f34                I2C_AnalogFilterCmd
 .text.I2C_DigitalFilterConfig
                0x0000000008000f74       0x44 StdPeriph_Driver/src/stm32f4xx_i2c.o
                0x0000000008000f74                I2C_DigitalFilterConfig
 .text.I2C_GenerateSTART
                0x0000000008000fb8       0x40 StdPeriph_Driver/src/stm32f4xx_i2c.o
                0x0000000008000fb8                I2C_GenerateSTART
 .text.I2C_GenerateSTOP
                0x0000000008000ff8       0x40 StdPeriph_Driver/src/stm32f4xx_i2c.o
                0x0000000008000ff8                I2C_GenerateSTOP
 .text.I2C_Send7bitAddress
                0x0000000008001038       0x3c StdPeriph_Driver/src/stm32f4xx_i2c.o
                0x0000000008001038                I2C_Send7bitAddress
 .text.I2C_DMACmd
                0x0000000008001074       0x40 StdPeriph_Driver/src/stm32f4xx_i2c.o
                0x0000000008001074                I2C_DMACmd
 .text.I2C_CheckEvent
                0x00000000080010b4       0x60 StdPeriph_Driver/src/stm32f4xx_i2c.o
                0x00000000080010b4                I2C_CheckEvent
 .text.I2C_GetFlagStatus
                0x0000000008001114       0x66 StdPeriph_Driver/src/stm32f4xx_i2c.o
                0x0000000008001114                I2C_GetFlagStatus
 *fill*         0x000000000800117a        0x2 
 .text.RCC_GetClocksFreq
                0x000000000800117c      0x150 StdPeriph_Driver/src/stm32f4xx_rcc.o
                0x000000000800117c                RCC_GetClocksFreq
 .text.RCC_AHB1PeriphClockCmd
                0x00000000080012cc       0x40 StdPeriph_Driver/src/stm32f4xx_rcc.o
                0x00000000080012cc                RCC_AHB1PeriphClockCmd
 .text.RCC_APB1PeriphClockCmd
                0x000000000800130c       0x40 StdPeriph_Driver/src/stm32f4xx_rcc.o
                0x000000000800130c                RCC_APB1PeriphClockCmd
 .text.RCC_APB2PeriphClockCmd
                0x000000000800134c       0x40 StdPeriph_Driver/src/stm32f4xx_rcc.o
                0x000000000800134c                RCC_APB2PeriphClockCmd
 .text.RCC_APB1PeriphResetCmd
                0x000000000800138c       0x40 StdPeriph_Driver/src/stm32f4xx_rcc.o
                0x000000000800138c                RCC_APB1PeriphResetCmd
 .text.SYSCFG_EXTILineConfig
                0x00000000080013cc       0x84 StdPeriph_Driver/src/stm32f4xx_syscfg.o
                0x00000000080013cc                SYSCFG_EXTILineConfig
 .text.TIM_TimeBaseInit
                0x0000000008001450       0xd8 StdPeriph_Driver/src/stm32f4xx_tim.o
                0x0000000008001450                TIM_TimeBaseInit
 .text.TIM_TimeBaseStructInit
                0x0000000008001528       0x34 StdPeriph_Driver/src/stm32f4xx_tim.o
                0x0000000008001528                TIM_TimeBaseStructInit
 .text.TIM_Cmd  0x000000000800155c       0x40 StdPeriph_Driver/src/stm32f4xx_tim.o
                0x000000000800155c                TIM_Cmd
 .text.TIM_ITConfig
                0x000000000800159c       0x48 StdPeriph_Driver/src/stm32f4xx_tim.o
                0x000000000800159c                TIM_ITConfig
 .text.TIM_GetITStatus
                0x00000000080015e4       0x54 StdPeriph_Driver/src/stm32f4xx_tim.o
                0x00000000080015e4                TIM_GetITStatus
 .text.TIM_ClearITPendingBit
                0x0000000008001638       0x22 StdPeriph_Driver/src/stm32f4xx_tim.o
                0x0000000008001638                TIM_ClearITPendingBit
 *fill*         0x000000000800165a        0x2 
 .text.USART_Init
                0x000000000800165c      0x174 StdPeriph_Driver/src/stm32f4xx_usart.o
                0x000000000800165c                USART_Init
 .text.USART_Cmd
                0x00000000080017d0       0x40 StdPeriph_Driver/src/stm32f4xx_usart.o
                0x00000000080017d0                USART_Cmd
 .text.USART_DMACmd
                0x0000000008001810       0x48 StdPeriph_Driver/src/stm32f4xx_usart.o
                0x0000000008001810                USART_DMACmd
 .text.NVIC_EnableIRQ
                0x0000000008001858       0x34 src/main.o
 .text.NVIC_SetPriority
                0x000000000800188c       0x54 src/main.o
 .text.SysTick_Config
                0x00000000080018e0       0x44 src/main.o
 .text.USART2_IRQHandler
                0x0000000008001924        0xe src/main.o
                0x0000000008001924                USART2_IRQHandler
 *fill*         0x0000000008001932        0x2 
 .text.SysTick_Handler
                0x0000000008001934       0x40 src/main.o
                0x0000000008001934                SysTick_Handler
 .text.ESPInit  0x0000000008001974       0x90 src/main.o
                0x0000000008001974                ESPInit
 .text.get_lcd_embd_h
                0x0000000008001a04      0x1b4 src/main.o
                0x0000000008001a04                get_lcd_embd_h
 .text.get_lcd_embd_l
                0x0000000008001bb8      0x1c8 src/main.o
                0x0000000008001bb8                get_lcd_embd_l
 .text.ESPStart
                0x0000000008001d80       0xdc src/main.o
                0x0000000008001d80                ESPStart
 .text.TimerInit
                0x0000000008001e5c       0x78 src/main.o
                0x0000000008001e5c                TimerInit
 .text.TIM2_IRQHandler
                0x0000000008001ed4       0x60 src/main.o
                0x0000000008001ed4                TIM2_IRQHandler
 .text.DMAUSART2Init
                0x0000000008001f34       0x90 src/main.o
                0x0000000008001f34                DMAUSART2Init
 .text.DMA1_Stream6_IRQHandler
                0x0000000008001fc4       0x28 src/main.o
                0x0000000008001fc4                DMA1_Stream6_IRQHandler
 .text.SendDataUART2
                0x0000000008001fec       0x3c src/main.o
                0x0000000008001fec                SendDataUART2
 .text.DMAUSART2Init_Receive
                0x0000000008002028       0x9c src/main.o
                0x0000000008002028                DMAUSART2Init_Receive
 .text.Timer5Init
                0x00000000080020c4       0x64 src/main.o
                0x00000000080020c4                Timer5Init
 .text.send_settings_packet
                0x0000000008002128       0x34 src/main.o
                0x0000000008002128                send_settings_packet
 .text.TIM5_IRQHandler
                0x000000000800215c      0x2b8 src/main.o
                0x000000000800215c                TIM5_IRQHandler
 .text.DMA1_Stream5_IRQHandler
                0x0000000008002414       0x7c src/main.o
                0x0000000008002414                DMA1_Stream5_IRQHandler
 .text.send_lcd_size
                0x0000000008002490       0x44 src/main.o
                0x0000000008002490                send_lcd_size
 .text.Timer4Init
                0x00000000080024d4       0x80 src/main.o
                0x00000000080024d4                Timer4Init
 .text.TIM4_IRQHandler
                0x0000000008002554      0x16c src/main.o
                0x0000000008002554                TIM4_IRQHandler
 .text.Timer3Init
                0x00000000080026c0       0x74 src/main.o
                0x00000000080026c0                Timer3Init
 .text.TIM3_IRQHandler
                0x0000000008002734      0x170 src/main.o
                0x0000000008002734                TIM3_IRQHandler
 .text.i2c_init
                0x00000000080028a4       0x68 src/main.o
                0x00000000080028a4                i2c_init
 .text.I2C1_EV_IRQHandler
                0x000000000800290c        0xe src/main.o
                0x000000000800290c                I2C1_EV_IRQHandler
 *fill*         0x000000000800291a        0x2 
 .text.DMA1_Stream0_IRQHandler
                0x000000000800291c       0x28 src/main.o
                0x000000000800291c                DMA1_Stream0_IRQHandler
 .text.DMA1_Stream7_IRQHandler
                0x0000000008002944       0x28 src/main.o
                0x0000000008002944                DMA1_Stream7_IRQHandler
 .text.I2C_Config
                0x000000000800296c      0x178 src/main.o
                0x000000000800296c                I2C_Config
 .text.ButEXTI_Init
                0x0000000008002ae4       0x80 src/main.o
                0x0000000008002ae4                ButEXTI_Init
 .text.EXTI0_IRQHandler
                0x0000000008002b64       0x34 src/main.o
                0x0000000008002b64                EXTI0_IRQHandler
 .text.main     0x0000000008002b98       0xb0 src/main.o
                0x0000000008002b98                main
 .text.SystemInit
                0x0000000008002c48       0x6c src/system_stm32f4xx.o
                0x0000000008002c48                SystemInit
 .text.SetSysClock
                0x0000000008002cb4       0xf4 src/system_stm32f4xx.o
 .text.Reset_Handler
                0x0000000008002da8       0x48 startup/startup_stm32f401xx.o
                0x0000000008002da8                Reset_Handler
 .text.Default_Handler
                0x0000000008002df0        0x2 startup/startup_stm32f401xx.o
                0x0000000008002df0                RTC_Alarm_IRQHandler
                0x0000000008002df0                EXTI2_IRQHandler
                0x0000000008002df0                DebugMon_Handler
                0x0000000008002df0                TIM1_CC_IRQHandler
                0x0000000008002df0                DMA2_Stream5_IRQHandler
                0x0000000008002df0                HardFault_Handler
                0x0000000008002df0                PVD_IRQHandler
                0x0000000008002df0                SDIO_IRQHandler
                0x0000000008002df0                TAMP_STAMP_IRQHandler
                0x0000000008002df0                PendSV_Handler
                0x0000000008002df0                NMI_Handler
                0x0000000008002df0                EXTI3_IRQHandler
                0x0000000008002df0                TIM1_UP_TIM10_IRQHandler
                0x0000000008002df0                I2C3_ER_IRQHandler
                0x0000000008002df0                I2C2_EV_IRQHandler
                0x0000000008002df0                DMA1_Stream2_IRQHandler
                0x0000000008002df0                FPU_IRQHandler
                0x0000000008002df0                UsageFault_Handler
                0x0000000008002df0                DMA2_Stream2_IRQHandler
                0x0000000008002df0                SPI1_IRQHandler
                0x0000000008002df0                TIM1_BRK_TIM9_IRQHandler
                0x0000000008002df0                DMA2_Stream3_IRQHandler
                0x0000000008002df0                USART6_IRQHandler
                0x0000000008002df0                DMA2_Stream0_IRQHandler
                0x0000000008002df0                DMA1_Stream1_IRQHandler
                0x0000000008002df0                RCC_IRQHandler
                0x0000000008002df0                Default_Handler
                0x0000000008002df0                EXTI15_10_IRQHandler
                0x0000000008002df0                ADC_IRQHandler
                0x0000000008002df0                DMA2_Stream7_IRQHandler
                0x0000000008002df0                I2C3_EV_IRQHandler
                0x0000000008002df0                EXTI9_5_IRQHandler
                0x0000000008002df0                RTC_WKUP_IRQHandler
                0x0000000008002df0                SPI2_IRQHandler
                0x0000000008002df0                MemManage_Handler
                0x0000000008002df0                SVC_Handler
                0x0000000008002df0                EXTI4_IRQHandler
                0x0000000008002df0                WWDG_IRQHandler
                0x0000000008002df0                OTG_FS_WKUP_IRQHandler
                0x0000000008002df0                TIM1_TRG_COM_TIM11_IRQHandler
                0x0000000008002df0                EXTI1_IRQHandler
                0x0000000008002df0                I2C2_ER_IRQHandler
                0x0000000008002df0                DMA2_Stream1_IRQHandler
                0x0000000008002df0                FLASH_IRQHandler
                0x0000000008002df0                DMA2_Stream4_IRQHandler
                0x0000000008002df0                BusFault_Handler
                0x0000000008002df0                USART1_IRQHandler
                0x0000000008002df0                OTG_FS_IRQHandler
                0x0000000008002df0                SPI3_IRQHandler
                0x0000000008002df0                DMA1_Stream4_IRQHandler
                0x0000000008002df0                I2C1_ER_IRQHandler
                0x0000000008002df0                DMA2_Stream6_IRQHandler
                0x0000000008002df0                DMA1_Stream3_IRQHandler
 *fill*         0x0000000008002df2        0x2 
 .text.__libc_init_array
                0x0000000008002df4       0x50 /home/ivan/Ac6/SystemWorkbench/plugins/fr.ac6.mcu.externaltools.arm-none.linux64_1.15.0.201708311556/tools/compiler/bin/../lib/gcc/arm-none-eabi/6.3.1/../../../../arm-none-eabi/lib/thumb/v7e-m/fpv4-sp/hard/libc.a(lib_a-init.o)
                0x0000000008002df4                __libc_init_array
 .text.memset   0x0000000008002e44       0x9c /home/ivan/Ac6/SystemWorkbench/plugins/fr.ac6.mcu.externaltools.arm-none.linux64_1.15.0.201708311556/tools/compiler/bin/../lib/gcc/arm-none-eabi/6.3.1/../../../../arm-none-eabi/lib/thumb/v7e-m/fpv4-sp/hard/libc.a(lib_a-memset.o)
                0x0000000008002e44                memset
 .text.startup.register_fini
                0x0000000008002ee0       0x14 /home/ivan/Ac6/SystemWorkbench/plugins/fr.ac6.mcu.externaltools.arm-none.linux64_1.15.0.201708311556/tools/compiler/bin/../lib/gcc/arm-none-eabi/6.3.1/../../../../arm-none-eabi/lib/thumb/v7e-m/fpv4-sp/hard/libc.a(lib_a-__call_atexit.o)
 .text.atexit   0x0000000008002ef4        0xc /home/ivan/Ac6/SystemWorkbench/plugins/fr.ac6.mcu.externaltools.arm-none.linux64_1.15.0.201708311556/tools/compiler/bin/../lib/gcc/arm-none-eabi/6.3.1/../../../../arm-none-eabi/lib/thumb/v7e-m/fpv4-sp/hard/libc.a(lib_a-atexit.o)
                0x0000000008002ef4                atexit
 .text.__libc_fini_array
                0x0000000008002f00       0x34 /home/ivan/Ac6/SystemWorkbench/plugins/fr.ac6.mcu.externaltools.arm-none.linux64_1.15.0.201708311556/tools/compiler/bin/../lib/gcc/arm-none-eabi/6.3.1/../../../../arm-none-eabi/lib/thumb/v7e-m/fpv4-sp/hard/libc.a(lib_a-fini.o)
                0x0000000008002f00                __libc_fini_array
 .text.__retarget_lock_acquire_recursive
                0x0000000008002f34        0x4 /home/ivan/Ac6/SystemWorkbench/plugins/fr.ac6.mcu.externaltools.arm-none.linux64_1.15.0.201708311556/tools/compiler/bin/../lib/gcc/arm-none-eabi/6.3.1/../../../../arm-none-eabi/lib/thumb/v7e-m/fpv4-sp/hard/libc.a(lib_a-lock.o)
                0x0000000008002f34                __retarget_lock_acquire_recursive
 .text.__retarget_lock_release_recursive
                0x0000000008002f38        0x4 /home/ivan/Ac6/SystemWorkbench/plugins/fr.ac6.mcu.externaltools.arm-none.linux64_1.15.0.201708311556/tools/compiler/bin/../lib/gcc/arm-none-eabi/6.3.1/../../../../arm-none-eabi/lib/thumb/v7e-m/fpv4-sp/hard/libc.a(lib_a-lock.o)
                0x0000000008002f38                __retarget_lock_release_recursive
 .text.__register_exitproc
                0x0000000008002f3c       0xc4 /home/ivan/Ac6/SystemWorkbench/plugins/fr.ac6.mcu.externaltools.arm-none.linux64_1.15.0.201708311556/tools/compiler/bin/../lib/gcc/arm-none-eabi/6.3.1/../../../../arm-none-eabi/lib/thumb/v7e-m/fpv4-sp/hard/libc.a(lib_a-__atexit.o)
                0x0000000008002f3c                __register_exitproc
 *(.glue_7)
 .glue_7        0x0000000008003000        0x0 linker stubs
 *(.glue_7t)
 .glue_7t       0x0000000008003000        0x0 linker stubs
 *(.eh_frame)
 .eh_frame      0x0000000008003000        0x0 /home/ivan/Ac6/SystemWorkbench/plugins/fr.ac6.mcu.externaltools.arm-none.linux64_1.15.0.201708311556/tools/compiler/bin/../lib/gcc/arm-none-eabi/6.3.1/thumb/v7e-m/fpv4-sp/hard/crtbegin.o
 *(.init)
 .init          0x0000000008003000        0x4 /home/ivan/Ac6/SystemWorkbench/plugins/fr.ac6.mcu.externaltools.arm-none.linux64_1.15.0.201708311556/tools/compiler/bin/../lib/gcc/arm-none-eabi/6.3.1/thumb/v7e-m/fpv4-sp/hard/crti.o
                0x0000000008003000                _init
 .init          0x0000000008003004        0x8 /home/ivan/Ac6/SystemWorkbench/plugins/fr.ac6.mcu.externaltools.arm-none.linux64_1.15.0.201708311556/tools/compiler/bin/../lib/gcc/arm-none-eabi/6.3.1/thumb/v7e-m/fpv4-sp/hard/crtn.o
 *(.fini)
 .fini          0x000000000800300c        0x4 /home/ivan/Ac6/SystemWorkbench/plugins/fr.ac6.mcu.externaltools.arm-none.linux64_1.15.0.201708311556/tools/compiler/bin/../lib/gcc/arm-none-eabi/6.3.1/thumb/v7e-m/fpv4-sp/hard/crti.o
                0x000000000800300c                _fini
 .fini          0x0000000008003010        0x8 /home/ivan/Ac6/SystemWorkbench/plugins/fr.ac6.mcu.externaltools.arm-none.linux64_1.15.0.201708311556/tools/compiler/bin/../lib/gcc/arm-none-eabi/6.3.1/thumb/v7e-m/fpv4-sp/hard/crtn.o
                0x0000000008003018                . = ALIGN (0x4)
                0x0000000008003018                _etext = .

.vfp11_veneer   0x0000000008003018        0x0
 .vfp11_veneer  0x0000000008003018        0x0 linker stubs

.v4_bx          0x0000000008003018        0x0
 .v4_bx         0x0000000008003018        0x0 linker stubs

.iplt           0x0000000008003018        0x0
 .iplt          0x0000000008003018        0x0 /home/ivan/Ac6/SystemWorkbench/plugins/fr.ac6.mcu.externaltools.arm-none.linux64_1.15.0.201708311556/tools/compiler/bin/../lib/gcc/arm-none-eabi/6.3.1/thumb/v7e-m/fpv4-sp/hard/crtbegin.o

.rodata         0x0000000008003018      0x100
                0x0000000008003018                . = ALIGN (0x4)
 *(.rodata)
 .rodata        0x0000000008003018       0xfb src/main.o
                0x00000000080030a0                connected
 *(.rodata*)
 *fill*         0x0000000008003113        0x1 
 .rodata._global_impure_ptr
                0x0000000008003114        0x4 /home/ivan/Ac6/SystemWorkbench/plugins/fr.ac6.mcu.externaltools.arm-none.linux64_1.15.0.201708311556/tools/compiler/bin/../lib/gcc/arm-none-eabi/6.3.1/../../../../arm-none-eabi/lib/thumb/v7e-m/fpv4-sp/hard/libc.a(lib_a-impure.o)
                0x0000000008003114                _global_impure_ptr
                0x0000000008003118                . = ALIGN (0x4)

.rel.dyn        0x0000000008003118        0x0
 .rel.iplt      0x0000000008003118        0x0 /home/ivan/Ac6/SystemWorkbench/plugins/fr.ac6.mcu.externaltools.arm-none.linux64_1.15.0.201708311556/tools/compiler/bin/../lib/gcc/arm-none-eabi/6.3.1/thumb/v7e-m/fpv4-sp/hard/crtbegin.o

.ARM.extab
 *(.ARM.extab* .gnu.linkonce.armextab.*)

.ARM            0x0000000008003118        0x0
                0x0000000008003118                __exidx_start = .
 *(.ARM.exidx*)
                0x0000000008003118                __exidx_end = .

.preinit_array  0x0000000008003118        0x0
                0x0000000008003118                PROVIDE (__preinit_array_start, .)
 *(.preinit_array*)
                0x0000000008003118                PROVIDE (__preinit_array_end, .)

.init_array     0x0000000008003118        0x8
                0x0000000008003118                PROVIDE (__init_array_start, .)
 *(SORT(.init_array.*))
 .init_array.00000
                0x0000000008003118        0x4 /home/ivan/Ac6/SystemWorkbench/plugins/fr.ac6.mcu.externaltools.arm-none.linux64_1.15.0.201708311556/tools/compiler/bin/../lib/gcc/arm-none-eabi/6.3.1/../../../../arm-none-eabi/lib/thumb/v7e-m/fpv4-sp/hard/libc.a(lib_a-__call_atexit.o)
 *(.init_array*)
 .init_array    0x000000000800311c        0x4 /home/ivan/Ac6/SystemWorkbench/plugins/fr.ac6.mcu.externaltools.arm-none.linux64_1.15.0.201708311556/tools/compiler/bin/../lib/gcc/arm-none-eabi/6.3.1/thumb/v7e-m/fpv4-sp/hard/crtbegin.o
                0x0000000008003120                PROVIDE (__init_array_end, .)

.fini_array     0x0000000008003120        0x4
                0x0000000008003120                PROVIDE (__fini_array_start, .)
 *(SORT(.fini_array.*))
 *(.fini_array*)
 .fini_array    0x0000000008003120        0x4 /home/ivan/Ac6/SystemWorkbench/plugins/fr.ac6.mcu.externaltools.arm-none.linux64_1.15.0.201708311556/tools/compiler/bin/../lib/gcc/arm-none-eabi/6.3.1/thumb/v7e-m/fpv4-sp/hard/crtbegin.o
                0x0000000008003124                PROVIDE (__fini_array_end, .)
                0x0000000008003124                _sidata = LOADADDR (.data)

.data           0x0000000020000000      0x4bc load address 0x0000000008003124
                0x0000000020000000                . = ALIGN (0x4)
                0x0000000020000000                _sdata = .
 *(.data)
 .data          0x0000000020000000       0x10 StdPeriph_Driver/src/stm32f4xx_rcc.o
 .data          0x0000000020000010       0x68 src/main.o
                0x0000000020000010                delay_count
                0x0000000020000012                i2c_delay
                0x0000000020000014                acknowledge_packet
                0x0000000020000018                tx_buffer
                0x0000000020000060                aTxBuffer
                0x0000000020000062                size_tx_buff
                0x0000000020000064                checked
                0x0000000020000068                con_check
                0x0000000020000069                size_checked
                0x000000002000006c                settings_packet
                0x0000000020000071                type_packet
                0x0000000020000074                request_packet
 .data          0x0000000020000078       0x14 src/system_stm32f4xx.o
                0x0000000020000078                SystemCoreClock
                0x000000002000007c                AHBPrescTable
 *(.data*)
 *fill*         0x000000002000008c        0x4 
 .data.impure_data
                0x0000000020000090      0x428 /home/ivan/Ac6/SystemWorkbench/plugins/fr.ac6.mcu.externaltools.arm-none.linux64_1.15.0.201708311556/tools/compiler/bin/../lib/gcc/arm-none-eabi/6.3.1/../../../../arm-none-eabi/lib/thumb/v7e-m/fpv4-sp/hard/libc.a(lib_a-impure.o)
 .data.__atexit_recursive_mutex
                0x00000000200004b8        0x4 /home/ivan/Ac6/SystemWorkbench/plugins/fr.ac6.mcu.externaltools.arm-none.linux64_1.15.0.201708311556/tools/compiler/bin/../lib/gcc/arm-none-eabi/6.3.1/../../../../arm-none-eabi/lib/thumb/v7e-m/fpv4-sp/hard/libc.a(lib_a-__call_atexit.o)
                0x00000000200004b8                __atexit_recursive_mutex
                0x00000000200004bc                . = ALIGN (0x4)
                0x00000000200004bc                _edata = .
                0x00000000080035e0                _siccmram = LOADADDR (.ccmram)

.jcr            0x00000000200004bc        0x0 load address 0x00000000080035e0
 .jcr           0x00000000200004bc        0x0 /home/ivan/Ac6/SystemWorkbench/plugins/fr.ac6.mcu.externaltools.arm-none.linux64_1.15.0.201708311556/tools/compiler/bin/../lib/gcc/arm-none-eabi/6.3.1/thumb/v7e-m/fpv4-sp/hard/crtbegin.o

.igot.plt       0x00000000200004bc        0x0 load address 0x00000000080035e0
 .igot.plt      0x00000000200004bc        0x0 /home/ivan/Ac6/SystemWorkbench/plugins/fr.ac6.mcu.externaltools.arm-none.linux64_1.15.0.201708311556/tools/compiler/bin/../lib/gcc/arm-none-eabi/6.3.1/thumb/v7e-m/fpv4-sp/hard/crtbegin.o

.ccmram         0x0000000010000000        0x0 load address 0x00000000080035e0
                0x0000000010000000                . = ALIGN (0x4)
                0x0000000010000000                _sccmram = .
 *(.ccmram)
 *(.ccmram*)
                0x0000000010000000                . = ALIGN (0x4)
                0x0000000010000000                _eccmram = .
                0x0000000010000000                . = ALIGN (0x4)

.bss            0x00000000200004bc      0x3f0
                0x00000000200004bc                _sbss = .
                0x00000000200004bc                __bss_start__ = _sbss
 *(.bss)
 .bss           0x00000000200004bc       0x1c /home/ivan/Ac6/SystemWorkbench/plugins/fr.ac6.mcu.externaltools.arm-none.linux64_1.15.0.201708311556/tools/compiler/bin/../lib/gcc/arm-none-eabi/6.3.1/thumb/v7e-m/fpv4-sp/hard/crtbegin.o
 .bss           0x00000000200004d8      0x23a src/main.o
                0x00000000200004d8                rec_uart_mode
                0x00000000200004d9                packet_struct
                0x00000000200004dc                send_str
                0x0000000020000504                send_cnt
                0x0000000020000505                str_tx_busy
                0x0000000020000506                cmd_num
                0x0000000020000507                transform
                0x0000000020000508                receive_buffer
                0x00000000200005d0                rec_bytes
                0x00000000200005d1                ap_delay
                0x00000000200005d4                send_buffer
                0x00000000200005e8                trans
                0x00000000200005e9                clr
                0x00000000200005ec                transformed
                0x00000000200006ec                bufferDMAUSARTReceive
                0x000000002000070a                receiveDataStatus
                0x000000002000070b                i
                0x000000002000070c                same
                0x000000002000070d                same_con
                0x000000002000070e                size_press
                0x000000002000070f                size_temp
                0x0000000020000710                check_s
                0x0000000020000711                mode
 *(.bss*)
 *(COMMON)
 *fill*         0x0000000020000712        0x2 
 COMMON         0x0000000020000714      0x174 src/main.o
                0x0000000020000714                I2C_InitStructure
                0x0000000020000724                tim4_mode
                0x0000000020000725                lcd_mode
                0x0000000020000728                aRxBuffer
                0x0000000020000828                i2c_mode
                0x000000002000082c                bufferDMAUSARTSend
                0x000000002000084c                DMA_InitStructure
 COMMON         0x0000000020000888       0x21 /home/ivan/Ac6/SystemWorkbench/plugins/fr.ac6.mcu.externaltools.arm-none.linux64_1.15.0.201708311556/tools/compiler/bin/../lib/gcc/arm-none-eabi/6.3.1/../../../../arm-none-eabi/lib/thumb/v7e-m/fpv4-sp/hard/libc.a(lib_a-lock.o)
                0x0000000020000888                __lock___atexit_recursive_mutex
                0x000000002000088c                __lock___arc4random_mutex
                0x0000000020000890                __lock___env_recursive_mutex
                0x0000000020000894                __lock___sinit_recursive_mutex
                0x0000000020000898                __lock___malloc_recursive_mutex
                0x000000002000089c                __lock___at_quick_exit_mutex
                0x00000000200008a0                __lock___dd_hash_mutex
                0x00000000200008a4                __lock___tz_mutex
                0x00000000200008a8                __lock___sfp_recursive_mutex
                0x00000000200008ac                . = ALIGN (0x4)
 *fill*         0x00000000200008a9        0x3 
                0x00000000200008ac                _ebss = .
                0x00000000200008ac                __bss_end__ = _ebss

._user_heap_stack
                0x00000000200008ac      0x404
                0x00000000200008b0                . = ALIGN (0x8)
 *fill*         0x00000000200008ac        0x4 
                0x00000000200008b0                PROVIDE (end, .)
                [!provide]                        PROVIDE (_end, .)
                0x00000000200008b0                . = (. + _Min_Heap_Size)
                0x0000000020000cb0                . = (. + _Min_Stack_Size)
 *fill*         0x00000000200008b0      0x400 
                0x0000000020000cb0                . = ALIGN (0x8)

.memory_b1_text
 *(.mb1text)
 *(.mb1text*)
 *(.mb1rodata)
 *(.mb1rodata*)

/DISCARD/
 libc.a(*)
 libm.a(*)
 libgcc.a(*)

.ARM.attributes
                0x0000000000000000       0x30
 *(.ARM.attributes)
 .ARM.attributes
                0x0000000000000000       0x22 /home/ivan/Ac6/SystemWorkbench/plugins/fr.ac6.mcu.externaltools.arm-none.linux64_1.15.0.201708311556/tools/compiler/bin/../lib/gcc/arm-none-eabi/6.3.1/thumb/v7e-m/fpv4-sp/hard/crti.o
 .ARM.attributes
                0x0000000000000022       0x34 /home/ivan/Ac6/SystemWorkbench/plugins/fr.ac6.mcu.externaltools.arm-none.linux64_1.15.0.201708311556/tools/compiler/bin/../lib/gcc/arm-none-eabi/6.3.1/thumb/v7e-m/fpv4-sp/hard/crtbegin.o
 .ARM.attributes
                0x0000000000000056       0x39 StdPeriph_Driver/src/misc.o
 .ARM.attributes
                0x000000000000008f       0x39 StdPeriph_Driver/src/stm32f4xx_dma.o
 .ARM.attributes
                0x00000000000000c8       0x39 StdPeriph_Driver/src/stm32f4xx_exti.o
 .ARM.attributes
                0x0000000000000101       0x39 StdPeriph_Driver/src/stm32f4xx_gpio.o
 .ARM.attributes
                0x000000000000013a       0x39 StdPeriph_Driver/src/stm32f4xx_i2c.o
 .ARM.attributes
                0x0000000000000173       0x39 StdPeriph_Driver/src/stm32f4xx_rcc.o
 .ARM.attributes
                0x00000000000001ac       0x39 StdPeriph_Driver/src/stm32f4xx_syscfg.o
 .ARM.attributes
                0x00000000000001e5       0x39 StdPeriph_Driver/src/stm32f4xx_tim.o
 .ARM.attributes
                0x000000000000021e       0x39 StdPeriph_Driver/src/stm32f4xx_usart.o
 .ARM.attributes
                0x0000000000000257       0x39 src/main.o
 .ARM.attributes
                0x0000000000000290       0x39 src/system_stm32f4xx.o
 .ARM.attributes
                0x00000000000002c9       0x21 startup/startup_stm32f401xx.o
 .ARM.attributes
                0x00000000000002ea       0x34 /home/ivan/Ac6/SystemWorkbench/plugins/fr.ac6.mcu.externaltools.arm-none.linux64_1.15.0.201708311556/tools/compiler/bin/../lib/gcc/arm-none-eabi/6.3.1/../../../../arm-none-eabi/lib/thumb/v7e-m/fpv4-sp/hard/libc.a(lib_a-impure.o)
 .ARM.attributes
                0x000000000000031e       0x34 /home/ivan/Ac6/SystemWorkbench/plugins/fr.ac6.mcu.externaltools.arm-none.linux64_1.15.0.201708311556/tools/compiler/bin/../lib/gcc/arm-none-eabi/6.3.1/../../../../arm-none-eabi/lib/thumb/v7e-m/fpv4-sp/hard/libc.a(lib_a-init.o)
 .ARM.attributes
                0x0000000000000352       0x20 /home/ivan/Ac6/SystemWorkbench/plugins/fr.ac6.mcu.externaltools.arm-none.linux64_1.15.0.201708311556/tools/compiler/bin/../lib/gcc/arm-none-eabi/6.3.1/../../../../arm-none-eabi/lib/thumb/v7e-m/fpv4-sp/hard/libc.a(lib_a-memcpy.o)
 .ARM.attributes
                0x0000000000000372       0x34 /home/ivan/Ac6/SystemWorkbench/plugins/fr.ac6.mcu.externaltools.arm-none.linux64_1.15.0.201708311556/tools/compiler/bin/../lib/gcc/arm-none-eabi/6.3.1/../../../../arm-none-eabi/lib/thumb/v7e-m/fpv4-sp/hard/libc.a(lib_a-memset.o)
 .ARM.attributes
                0x00000000000003a6       0x20 /home/ivan/Ac6/SystemWorkbench/plugins/fr.ac6.mcu.externaltools.arm-none.linux64_1.15.0.201708311556/tools/compiler/bin/../lib/gcc/arm-none-eabi/6.3.1/../../../../arm-none-eabi/lib/thumb/v7e-m/fpv4-sp/hard/libc.a(lib_a-strlen.o)
 .ARM.attributes
                0x00000000000003c6       0x34 /home/ivan/Ac6/SystemWorkbench/plugins/fr.ac6.mcu.externaltools.arm-none.linux64_1.15.0.201708311556/tools/compiler/bin/../lib/gcc/arm-none-eabi/6.3.1/../../../../arm-none-eabi/lib/thumb/v7e-m/fpv4-sp/hard/libc.a(lib_a-__call_atexit.o)
 .ARM.attributes
                0x00000000000003fa       0x34 /home/ivan/Ac6/SystemWorkbench/plugins/fr.ac6.mcu.externaltools.arm-none.linux64_1.15.0.201708311556/tools/compiler/bin/../lib/gcc/arm-none-eabi/6.3.1/../../../../arm-none-eabi/lib/thumb/v7e-m/fpv4-sp/hard/libc.a(lib_a-atexit.o)
 .ARM.attributes
                0x000000000000042e       0x34 /home/ivan/Ac6/SystemWorkbench/plugins/fr.ac6.mcu.externaltools.arm-none.linux64_1.15.0.201708311556/tools/compiler/bin/../lib/gcc/arm-none-eabi/6.3.1/../../../../arm-none-eabi/lib/thumb/v7e-m/fpv4-sp/hard/libc.a(lib_a-fini.o)
 .ARM.attributes
                0x0000000000000462       0x34 /home/ivan/Ac6/SystemWorkbench/plugins/fr.ac6.mcu.externaltools.arm-none.linux64_1.15.0.201708311556/tools/compiler/bin/../lib/gcc/arm-none-eabi/6.3.1/../../../../arm-none-eabi/lib/thumb/v7e-m/fpv4-sp/hard/libc.a(lib_a-lock.o)
 .ARM.attributes
                0x0000000000000496       0x34 /home/ivan/Ac6/SystemWorkbench/plugins/fr.ac6.mcu.externaltools.arm-none.linux64_1.15.0.201708311556/tools/compiler/bin/../lib/gcc/arm-none-eabi/6.3.1/../../../../arm-none-eabi/lib/thumb/v7e-m/fpv4-sp/hard/libc.a(lib_a-__atexit.o)
 .ARM.attributes
                0x00000000000004ca       0x22 /home/ivan/Ac6/SystemWorkbench/plugins/fr.ac6.mcu.externaltools.arm-none.linux64_1.15.0.201708311556/tools/compiler/bin/../lib/gcc/arm-none-eabi/6.3.1/thumb/v7e-m/fpv4-sp/hard/crtn.o
OUTPUT(Hello.elf elf32-littlearm)

.debug_info     0x0000000000000000     0x83ca
 .debug_info    0x0000000000000000      0x551 StdPeriph_Driver/src/misc.o
 .debug_info    0x0000000000000551      0x750 StdPeriph_Driver/src/stm32f4xx_dma.o
 .debug_info    0x0000000000000ca1      0x35b StdPeriph_Driver/src/stm32f4xx_exti.o
 .debug_info    0x0000000000000ffc      0x62c StdPeriph_Driver/src/stm32f4xx_gpio.o
 .debug_info    0x0000000000001628      0xba2 StdPeriph_Driver/src/stm32f4xx_i2c.o
 .debug_info    0x00000000000021ca      0xe2b StdPeriph_Driver/src/stm32f4xx_rcc.o
 .debug_info    0x0000000000002ff5      0x2ab StdPeriph_Driver/src/stm32f4xx_syscfg.o
 .debug_info    0x00000000000032a0     0x1c78 StdPeriph_Driver/src/stm32f4xx_tim.o
 .debug_info    0x0000000000004f18      0x9d9 StdPeriph_Driver/src/stm32f4xx_usart.o
 .debug_info    0x00000000000058f1     0x247a src/main.o
 .debug_info    0x0000000000007d6b      0x5f5 src/system_stm32f4xx.o
 .debug_info    0x0000000000008360       0x6a startup/startup_stm32f401xx.o

.debug_abbrev   0x0000000000000000     0x1445
 .debug_abbrev  0x0000000000000000      0x175 StdPeriph_Driver/src/misc.o
 .debug_abbrev  0x0000000000000175      0x16b StdPeriph_Driver/src/stm32f4xx_dma.o
 .debug_abbrev  0x00000000000002e0      0x1bf StdPeriph_Driver/src/stm32f4xx_exti.o
 .debug_abbrev  0x000000000000049f      0x1bb StdPeriph_Driver/src/stm32f4xx_gpio.o
 .debug_abbrev  0x000000000000065a      0x194 StdPeriph_Driver/src/stm32f4xx_i2c.o
 .debug_abbrev  0x00000000000007ee      0x1d2 StdPeriph_Driver/src/stm32f4xx_rcc.o
 .debug_abbrev  0x00000000000009c0      0x149 StdPeriph_Driver/src/stm32f4xx_syscfg.o
 .debug_abbrev  0x0000000000000b09      0x19d StdPeriph_Driver/src/stm32f4xx_tim.o
 .debug_abbrev  0x0000000000000ca6      0x185 StdPeriph_Driver/src/stm32f4xx_usart.o
 .debug_abbrev  0x0000000000000e2b      0x49e src/main.o
 .debug_abbrev  0x00000000000012c9      0x16a src/system_stm32f4xx.o
 .debug_abbrev  0x0000000000001433       0x12 startup/startup_stm32f401xx.o

.debug_aranges  0x0000000000000000      0xb28
 .debug_aranges
                0x0000000000000000       0x40 StdPeriph_Driver/src/misc.o
 .debug_aranges
                0x0000000000000040       0xb0 StdPeriph_Driver/src/stm32f4xx_dma.o
 .debug_aranges
                0x00000000000000f0       0x58 StdPeriph_Driver/src/stm32f4xx_exti.o
 .debug_aranges
                0x0000000000000148       0x88 StdPeriph_Driver/src/stm32f4xx_gpio.o
 .debug_aranges
                0x00000000000001d0      0x130 StdPeriph_Driver/src/stm32f4xx_i2c.o
 .debug_aranges
                0x0000000000000300      0x1b8 StdPeriph_Driver/src/stm32f4xx_rcc.o
 .debug_aranges
                0x00000000000004b8       0x50 StdPeriph_Driver/src/stm32f4xx_syscfg.o
 .debug_aranges
                0x0000000000000508      0x2f8 StdPeriph_Driver/src/stm32f4xx_tim.o
 .debug_aranges
                0x0000000000000800      0x100 StdPeriph_Driver/src/stm32f4xx_usart.o
 .debug_aranges
                0x0000000000000900      0x1d0 src/main.o
 .debug_aranges
                0x0000000000000ad0       0x30 src/system_stm32f4xx.o
 .debug_aranges
                0x0000000000000b00       0x28 startup/startup_stm32f401xx.o

.debug_ranges   0x0000000000000000      0xa70
 .debug_ranges  0x0000000000000000       0x30 StdPeriph_Driver/src/misc.o
 .debug_ranges  0x0000000000000030       0xa0 StdPeriph_Driver/src/stm32f4xx_dma.o
 .debug_ranges  0x00000000000000d0       0x48 StdPeriph_Driver/src/stm32f4xx_exti.o
 .debug_ranges  0x0000000000000118       0x78 StdPeriph_Driver/src/stm32f4xx_gpio.o
 .debug_ranges  0x0000000000000190      0x120 StdPeriph_Driver/src/stm32f4xx_i2c.o
 .debug_ranges  0x00000000000002b0      0x1a8 StdPeriph_Driver/src/stm32f4xx_rcc.o
 .debug_ranges  0x0000000000000458       0x40 StdPeriph_Driver/src/stm32f4xx_syscfg.o
 .debug_ranges  0x0000000000000498      0x2e8 StdPeriph_Driver/src/stm32f4xx_tim.o
 .debug_ranges  0x0000000000000780       0xf0 StdPeriph_Driver/src/stm32f4xx_usart.o
 .debug_ranges  0x0000000000000870      0x1c0 src/main.o
 .debug_ranges  0x0000000000000a30       0x20 src/system_stm32f4xx.o
 .debug_ranges  0x0000000000000a50       0x20 startup/startup_stm32f401xx.o

.debug_macro    0x0000000000000000    0x10695
 .debug_macro   0x0000000000000000      0x18f StdPeriph_Driver/src/misc.o
 .debug_macro   0x000000000000018f      0x8ce StdPeriph_Driver/src/misc.o
 .debug_macro   0x0000000000000a5d       0x64 StdPeriph_Driver/src/misc.o
 .debug_macro   0x0000000000000ac1       0x3b StdPeriph_Driver/src/misc.o
 .debug_macro   0x0000000000000afc       0x22 StdPeriph_Driver/src/misc.o
 .debug_macro   0x0000000000000b1e       0x87 StdPeriph_Driver/src/misc.o
 .debug_macro   0x0000000000000ba5       0x51 StdPeriph_Driver/src/misc.o
 .debug_macro   0x0000000000000bf6       0xef StdPeriph_Driver/src/misc.o
 .debug_macro   0x0000000000000ce5       0x6a StdPeriph_Driver/src/misc.o
 .debug_macro   0x0000000000000d4f      0x1df StdPeriph_Driver/src/misc.o
 .debug_macro   0x0000000000000f2e       0x2d StdPeriph_Driver/src/misc.o
 .debug_macro   0x0000000000000f5b       0x42 StdPeriph_Driver/src/misc.o
 .debug_macro   0x0000000000000f9d      0xd39 StdPeriph_Driver/src/misc.o
 .debug_macro   0x0000000000001cd6     0x796c StdPeriph_Driver/src/misc.o
 .debug_macro   0x0000000000009642       0x16 StdPeriph_Driver/src/misc.o
 .debug_macro   0x0000000000009658      0x44f StdPeriph_Driver/src/misc.o
 .debug_macro   0x0000000000009aa7       0xb2 StdPeriph_Driver/src/misc.o
 .debug_macro   0x0000000000009b59      0x477 StdPeriph_Driver/src/misc.o
 .debug_macro   0x0000000000009fd0       0xae StdPeriph_Driver/src/misc.o
 .debug_macro   0x000000000000a07e      0x41c StdPeriph_Driver/src/misc.o
 .debug_macro   0x000000000000a49a      0x29d StdPeriph_Driver/src/misc.o
 .debug_macro   0x000000000000a737      0x2bb StdPeriph_Driver/src/misc.o
 .debug_macro   0x000000000000a9f2       0x64 StdPeriph_Driver/src/misc.o
 .debug_macro   0x000000000000aa56       0xcd StdPeriph_Driver/src/misc.o
 .debug_macro   0x000000000000ab23      0x628 StdPeriph_Driver/src/misc.o
 .debug_macro   0x000000000000b14b       0x40 StdPeriph_Driver/src/misc.o
 .debug_macro   0x000000000000b18b      0x57b StdPeriph_Driver/src/misc.o
 .debug_macro   0x000000000000b706      0x342 StdPeriph_Driver/src/misc.o
 .debug_macro   0x000000000000ba48      0x36c StdPeriph_Driver/src/misc.o
 .debug_macro   0x000000000000bdb4       0xf0 StdPeriph_Driver/src/misc.o
 .debug_macro   0x000000000000bea4      0x73b StdPeriph_Driver/src/misc.o
 .debug_macro   0x000000000000c5df      0x223 StdPeriph_Driver/src/misc.o
 .debug_macro   0x000000000000c802       0x34 StdPeriph_Driver/src/misc.o
 .debug_macro   0x000000000000c836       0x35 StdPeriph_Driver/src/misc.o
 .debug_macro   0x000000000000c86b       0x7c StdPeriph_Driver/src/misc.o
 .debug_macro   0x000000000000c8e7      0x1e1 StdPeriph_Driver/src/stm32f4xx_dma.o
 .debug_macro   0x000000000000cac8      0x471 StdPeriph_Driver/src/stm32f4xx_dma.o
 .debug_macro   0x000000000000cf39      0x18f StdPeriph_Driver/src/stm32f4xx_exti.o
 .debug_macro   0x000000000000d0c8       0xa8 StdPeriph_Driver/src/stm32f4xx_exti.o
 .debug_macro   0x000000000000d170      0x18d StdPeriph_Driver/src/stm32f4xx_gpio.o
 .debug_macro   0x000000000000d2fd      0x297 StdPeriph_Driver/src/stm32f4xx_gpio.o
 .debug_macro   0x000000000000d594      0x19f StdPeriph_Driver/src/stm32f4xx_i2c.o
 .debug_macro   0x000000000000d733      0x2b5 StdPeriph_Driver/src/stm32f4xx_i2c.o
 .debug_macro   0x000000000000d9e8      0x253 StdPeriph_Driver/src/stm32f4xx_rcc.o
 .debug_macro   0x000000000000dc3b      0x622 StdPeriph_Driver/src/stm32f4xx_rcc.o
 .debug_macro   0x000000000000e25d      0x1c9 StdPeriph_Driver/src/stm32f4xx_syscfg.o
 .debug_macro   0x000000000000e426       0xea StdPeriph_Driver/src/stm32f4xx_syscfg.o
 .debug_macro   0x000000000000e510      0x1b7 StdPeriph_Driver/src/stm32f4xx_tim.o
 .debug_macro   0x000000000000e6c7      0x735 StdPeriph_Driver/src/stm32f4xx_tim.o
 .debug_macro   0x000000000000edfc      0x1a5 StdPeriph_Driver/src/stm32f4xx_usart.o
 .debug_macro   0x000000000000efa1      0x21d StdPeriph_Driver/src/stm32f4xx_usart.o
 .debug_macro   0x000000000000f1be      0x358 src/main.o
 .debug_macro   0x000000000000f516       0x88 src/main.o
 .debug_macro   0x000000000000f59e       0x90 src/main.o
 .debug_macro   0x000000000000f62e       0x58 src/main.o
 .debug_macro   0x000000000000f686       0x35 src/main.o
 .debug_macro   0x000000000000f6bb       0x9c src/main.o
 .debug_macro   0x000000000000f757      0x174 src/main.o
 .debug_macro   0x000000000000f8cb       0x58 src/main.o
 .debug_macro   0x000000000000f923       0x1f src/main.o
 .debug_macro   0x000000000000f942       0x43 src/main.o
 .debug_macro   0x000000000000f985       0x20 src/main.o
 .debug_macro   0x000000000000f9a5      0x187 src/main.o
 .debug_macro   0x000000000000fb2c      0x330 src/main.o
 .debug_macro   0x000000000000fe5c       0x10 src/main.o
 .debug_macro   0x000000000000fe6c       0x35 src/main.o
 .debug_macro   0x000000000000fea1       0x10 src/main.o
 .debug_macro   0x000000000000feb1       0xaf src/main.o
 .debug_macro   0x000000000000ff60       0x90 src/main.o
 .debug_macro   0x000000000000fff0       0x1c src/main.o
 .debug_macro   0x000000000001000c       0x10 src/main.o
 .debug_macro   0x000000000001001c       0x10 src/main.o
 .debug_macro   0x000000000001002c       0x1c src/main.o
 .debug_macro   0x0000000000010048       0x52 src/main.o
 .debug_macro   0x000000000001009a       0x40 src/main.o
 .debug_macro   0x00000000000100da       0x10 src/main.o
 .debug_macro   0x00000000000100ea       0x40 src/main.o
 .debug_macro   0x000000000001012a       0xd7 src/main.o
 .debug_macro   0x0000000000010201       0x16 src/main.o
 .debug_macro   0x0000000000010217      0x18b src/main.o
 .debug_macro   0x00000000000103a2       0xd6 src/main.o
 .debug_macro   0x0000000000010478       0x6a src/main.o
 .debug_macro   0x00000000000104e2       0x10 src/main.o
 .debug_macro   0x00000000000104f2      0x1a3 src/system_stm32f4xx.o

.debug_line     0x0000000000000000     0x5f01
 .debug_line    0x0000000000000000      0x5e4 StdPeriph_Driver/src/misc.o
 .debug_line    0x00000000000005e4      0x7c7 StdPeriph_Driver/src/stm32f4xx_dma.o
 .debug_line    0x0000000000000dab      0x634 StdPeriph_Driver/src/stm32f4xx_exti.o
 .debug_line    0x00000000000013df      0x70c StdPeriph_Driver/src/stm32f4xx_gpio.o
 .debug_line    0x0000000000001aeb      0x8a0 StdPeriph_Driver/src/stm32f4xx_i2c.o
 .debug_line    0x000000000000238b      0x9e9 StdPeriph_Driver/src/stm32f4xx_rcc.o
 .debug_line    0x0000000000002d74      0x607 StdPeriph_Driver/src/stm32f4xx_syscfg.o
 .debug_line    0x000000000000337b      0xe5e StdPeriph_Driver/src/stm32f4xx_tim.o
 .debug_line    0x00000000000041d9      0x852 StdPeriph_Driver/src/stm32f4xx_usart.o
 .debug_line    0x0000000000004a2b      0xe61 src/main.o
 .debug_line    0x000000000000588c      0x5f8 src/system_stm32f4xx.o
 .debug_line    0x0000000000005e84       0x7d startup/startup_stm32f401xx.o

.debug_str      0x0000000000000000    0x59807
 .debug_str     0x0000000000000000    0x5099b StdPeriph_Driver/src/misc.o
                                      0x50b3d (size before relaxing)
 .debug_str     0x000000000005099b      0x6a8 StdPeriph_Driver/src/stm32f4xx_dma.o
                                      0x50fa3 (size before relaxing)
 .debug_str     0x0000000000051043      0x1c4 StdPeriph_Driver/src/stm32f4xx_exti.o
                                      0x50ab3 (size before relaxing)
 .debug_str     0x0000000000051207      0x2ef StdPeriph_Driver/src/stm32f4xx_gpio.o
                                      0x50be8 (size before relaxing)
 .debug_str     0x00000000000514f6      0x4e6 StdPeriph_Driver/src/stm32f4xx_i2c.o
                                      0x50e5b (size before relaxing)
 .debug_str     0x00000000000519dc      0xcb4 StdPeriph_Driver/src/stm32f4xx_rcc.o
                                      0x516a1 (size before relaxing)
 .debug_str     0x0000000000052690      0x349 StdPeriph_Driver/src/stm32f4xx_syscfg.o
                                      0x50c40 (size before relaxing)
 .debug_str     0x00000000000529d9      0xc11 StdPeriph_Driver/src/stm32f4xx_tim.o
                                      0x515dc (size before relaxing)
 .debug_str     0x00000000000535ea      0x53a StdPeriph_Driver/src/stm32f4xx_usart.o
                                      0x50ef8 (size before relaxing)
 .debug_str     0x0000000000053b24     0x5c0d src/main.o
                                      0x56dac (size before relaxing)
 .debug_str     0x0000000000059731       0xd6 src/system_stm32f4xx.o
                                      0x50b35 (size before relaxing)

.comment        0x0000000000000000       0x7f
 .comment       0x0000000000000000       0x7f StdPeriph_Driver/src/misc.o
                                         0x80 (size before relaxing)
 .comment       0x000000000000007f       0x80 StdPeriph_Driver/src/stm32f4xx_dma.o
 .comment       0x000000000000007f       0x80 StdPeriph_Driver/src/stm32f4xx_exti.o
 .comment       0x000000000000007f       0x80 StdPeriph_Driver/src/stm32f4xx_gpio.o
 .comment       0x000000000000007f       0x80 StdPeriph_Driver/src/stm32f4xx_i2c.o
 .comment       0x000000000000007f       0x80 StdPeriph_Driver/src/stm32f4xx_rcc.o
 .comment       0x000000000000007f       0x80 StdPeriph_Driver/src/stm32f4xx_syscfg.o
 .comment       0x000000000000007f       0x80 StdPeriph_Driver/src/stm32f4xx_tim.o
 .comment       0x000000000000007f       0x80 StdPeriph_Driver/src/stm32f4xx_usart.o
 .comment       0x000000000000007f       0x80 src/main.o
 .comment       0x000000000000007f       0x80 src/system_stm32f4xx.o

.debug_frame    0x0000000000000000     0x32c8
 .debug_frame   0x0000000000000000       0xd8 StdPeriph_Driver/src/misc.o
 .debug_frame   0x00000000000000d8      0x308 StdPeriph_Driver/src/stm32f4xx_dma.o
 .debug_frame   0x00000000000003e0      0x148 StdPeriph_Driver/src/stm32f4xx_exti.o
 .debug_frame   0x0000000000000528      0x23c StdPeriph_Driver/src/stm32f4xx_gpio.o
 .debug_frame   0x0000000000000764      0x580 StdPeriph_Driver/src/stm32f4xx_i2c.o
 .debug_frame   0x0000000000000ce4      0x814 StdPeriph_Driver/src/stm32f4xx_rcc.o
 .debug_frame   0x00000000000014f8      0x11c StdPeriph_Driver/src/stm32f4xx_syscfg.o
 .debug_frame   0x0000000000001614      0xe54 StdPeriph_Driver/src/stm32f4xx_tim.o
 .debug_frame   0x0000000000002468      0x490 StdPeriph_Driver/src/stm32f4xx_usart.o
 .debug_frame   0x00000000000028f8      0x760 src/main.o
 .debug_frame   0x0000000000003058       0x7c src/system_stm32f4xx.o
 .debug_frame   0x00000000000030d4       0x2c /home/ivan/Ac6/SystemWorkbench/plugins/fr.ac6.mcu.externaltools.arm-none.linux64_1.15.0.201708311556/tools/compiler/bin/../lib/gcc/arm-none-eabi/6.3.1/../../../../arm-none-eabi/lib/thumb/v7e-m/fpv4-sp/hard/libc.a(lib_a-init.o)
 .debug_frame   0x0000000000003100       0x34 /home/ivan/Ac6/SystemWorkbench/plugins/fr.ac6.mcu.externaltools.arm-none.linux64_1.15.0.201708311556/tools/compiler/bin/../lib/gcc/arm-none-eabi/6.3.1/../../../../arm-none-eabi/lib/thumb/v7e-m/fpv4-sp/hard/libc.a(lib_a-memset.o)
 .debug_frame   0x0000000000003134       0x5c /home/ivan/Ac6/SystemWorkbench/plugins/fr.ac6.mcu.externaltools.arm-none.linux64_1.15.0.201708311556/tools/compiler/bin/../lib/gcc/arm-none-eabi/6.3.1/../../../../arm-none-eabi/lib/thumb/v7e-m/fpv4-sp/hard/libc.a(lib_a-__call_atexit.o)
 .debug_frame   0x0000000000003190       0x20 /home/ivan/Ac6/SystemWorkbench/plugins/fr.ac6.mcu.externaltools.arm-none.linux64_1.15.0.201708311556/tools/compiler/bin/../lib/gcc/arm-none-eabi/6.3.1/../../../../arm-none-eabi/lib/thumb/v7e-m/fpv4-sp/hard/libc.a(lib_a-atexit.o)
 .debug_frame   0x00000000000031b0       0x34 /home/ivan/Ac6/SystemWorkbench/plugins/fr.ac6.mcu.externaltools.arm-none.linux64_1.15.0.201708311556/tools/compiler/bin/../lib/gcc/arm-none-eabi/6.3.1/../../../../arm-none-eabi/lib/thumb/v7e-m/fpv4-sp/hard/libc.a(lib_a-fini.o)
 .debug_frame   0x00000000000031e4       0xb0 /home/ivan/Ac6/SystemWorkbench/plugins/fr.ac6.mcu.externaltools.arm-none.linux64_1.15.0.201708311556/tools/compiler/bin/../lib/gcc/arm-none-eabi/6.3.1/../../../../arm-none-eabi/lib/thumb/v7e-m/fpv4-sp/hard/libc.a(lib_a-lock.o)
 .debug_frame   0x0000000000003294       0x34 /home/ivan/Ac6/SystemWorkbench/plugins/fr.ac6.mcu.externaltools.arm-none.linux64_1.15.0.201708311556/tools/compiler/bin/../lib/gcc/arm-none-eabi/6.3.1/../../../../arm-none-eabi/lib/thumb/v7e-m/fpv4-sp/hard/libc.a(lib_a-__atexit.o)
